// Vitest Snapshot v1, https://vitest.dev/guide/snapshot.html

exports[`AppLayout > mount matches snapshot with expected values 1`] = `"<suspense-stub></suspense-stub>"`;
